// Jest Snapshot v1, https://goo.gl/fbAQLP

exports[`<Loading> renders three <Loading /> components 1`] = `ShallowWrapper {}`;
